logic__400: Main__GC0, 
datapath__7: Main__GC0, 
datapath__12: Main__GC0, 
IMG_RAM__parameterized3: VGAController__GC0, 
ROM: Main__GC0, 
logic__242: Main__GC0, 
logic__447: Main__GC0, 
signinv: Main__GC0, 
my_alu: Main__GC0, 
datapath__20: VGAController__GC0, 
reg__17: Main__GC0, 
datapath__19: VGAController__GC0, 
extrom: Main__GC0, 
case__48: Main__GC0, 
logic__109: Main__GC0, 
logic__419: Main__GC0, 
datapath__21: VGAController__GC0, 
case__31: Main__GC0, 
InputController: Main__GC0, 
logic__261: Main__GC0, 
logic__366: Main__GC0, 
logic__135: Main__GC0, 
logic__420: Main__GC0, 
case__26: Main__GC0, 
logic__1: clock_divider, 
reg__3: Main__GC0, 
logic__115: Main__GC0, 
case__42: Main__GC0, 
logic__151: Main__GC0, 
logic__304: Main__GC0, 
case__59: Main__GC0, 
Main__GC0: Main__GC0, 
logic__291: Main__GC0, 
logic__469: VGAController__GC0, 
logic__421: Main__GC0, 
bitwise_or: Main__GC0, 
datapath__22: VGAController__GC0, 
case__4: Main__GC0, 
case__36: Main__GC0, 
case__41: Main__GC0, 
datapath__23: VGAController__GC0, 
case__53: Main__GC0, 
VGATimingGenerator: VGAController__GC0, 
logic__481: VGAController__GC0, 
divider: Main__GC0, 
logic__213: Main__GC0, 
blt: Main__GC0, 
datapath__26: VGAController__GC0, 
logic__376: Main__GC0, 
logic__114: Main__GC0, 
logic__395: Main__GC0, 
case__35: Main__GC0, 
case__33: Main__GC0, 
mult: Main__GC0, 
logic__152: Main__GC0, 
logic__305: Main__GC0, 
case__28: Main__GC0, 
reg__6: Main__GC0, 
case__23: Main__GC0, 
case__13: Main__GC0, 
PipeDisplay: VGAController__GC0, 
logic__492: VGAController__GC0, 
reg__12: Main__GC0, 
counter: clock_divider, 
logic__406: Main__GC0, 
logic__342: Main__GC0, 
logic__70: Main__GC0, 
IMG_RAM__parameterized0: VGAController__GC0, 
bitwise_and: Main__GC0, 
logic__412: Main__GC0, 
datapath__33: VGAController__GC0, 
decoder32: Main__GC0, 
extladd: Main__GC0, 
writeback: Main__GC0, 
muxpart__1: Main__GC0, 
logic__346: Main__GC0, 
datapath__29: VGAController__GC0, 
logic__318: Main__GC0, 
mult_32_32_64: Main__GC0, 
logic__422: Main__GC0, 
logic__255: Main__GC0, 
logic__409: Main__GC0, 
logic__254: Main__GC0, 
instruction_has_destination: Main__GC0, 
logic__390: Main__GC0, 
logic__277: Main__GC0, 
datapath__6: Main__GC0, 
logic__334: Main__GC0, 
addi: Main__GC0, 
IMG_RAM__parameterized4: VGAController__GC0, 
case__32: Main__GC0, 
logic__335: Main__GC0, 
logic__136: Main__GC0, 
datapath__13: Main__GC0, 
logic__134: Main__GC0, 
logic__126: Main__GC0, 
logic__276: Main__GC0, 
logic__333: Main__GC0, 
dsp48e1: VGAController__GC0, 
decode: Main__GC0, 
logic__253: Main__GC0, 
logic__418: Main__GC0, 
case__46: Main__GC0, 
multdiv: Main__GC0, 
logic__494: VGAController__GC0, 
logic__227: Main__GC0, 
datapath__11: Main__GC0, 
case__30: Main__GC0, 
datapath__3: Main__GC0, 
reg__24: VGAController__GC0, 
logic__466: VGAController__GC0, 
logic__372: Main__GC0, 
datapath__1: clock_divider, 
logic__339: Main__GC0, 
logic__357: Main__GC0, 
logic__489: VGAController__GC0, 
case: Main__GC0, 
logic__482: VGAController__GC0, 
case__66: VGAController__GC0, 
reg_32: Main__GC0, 
logic__317: Main__GC0, 
logic__440: Main__GC0, 
logic__257: Main__GC0, 
counter__1: Main__GC0, 
logic__275: Main__GC0, 
logic__219: Main__GC0, 
reg__11: Main__GC0, 
case__18: Main__GC0, 
case__9: Main__GC0, 
case__61: Main__GC0, 
logic__416: Main__GC0, 
mux_8: Main__GC0, 
logic__404: Main__GC0, 
logic__230: Main__GC0, 
logic__464: VGAController__GC0, 
IMG_RAM__parameterized1: VGAController__GC0, 
case__54: Main__GC0, 
datapath__5: Main__GC0, 
case__67: VGAController__GC0, 
image__parameterized1: VGAController__GC0, 
logic__287: Main__GC0, 
logic__121: Main__GC0, 
logic__104: Main__GC0, 
case__51: Main__GC0, 
case__62: Main__GC0, 
logic__258: Main__GC0, 
logic__324: Main__GC0, 
muxpart__2: Main__GC0, 
memory: Main__GC0, 
logic__427: Main__GC0, 
reg__9: Main__GC0, 
case__49: Main__GC0, 
case__11: Main__GC0, 
logic__319: Main__GC0, 
image: VGAController__GC0, 
case__14: Main__GC0, 
case__1: Main__GC0, 
logic__281: Main__GC0, 
logic__247: Main__GC0, 
bitwise_not: Main__GC0, 
r_type: Main__GC0, 
case__37: Main__GC0, 
logic__185: Main__GC0, 
logic__487: VGAController__GC0, 
sign_extender_17: Main__GC0, 
datapath__10: Main__GC0, 
reg__2: Main__GC0, 
reg__15: Main__GC0, 
reg__25: VGAController__GC0, 
reg__22: Main__GC0, 
logic__347: Main__GC0, 
case__2: Main__GC0, 
logic__428: Main__GC0, 
logic__465: VGAController__GC0, 
reg__23: Main__GC0, 
fetch: Main__GC0, 
logic__228: Main__GC0, 
case__44: Main__GC0, 
case__22: Main__GC0, 
logic__149: Main__GC0, 
case__68: VGAController__GC0, 
logic__417: Main__GC0, 
div: Main__GC0, 
logic__350: Main__GC0, 
IMG_RAM__parameterized2: VGAController__GC0, 
my_tri: Main__GC0, 
case__52: Main__GC0, 
logic__323: Main__GC0, 
logic__486: VGAController__GC0, 
rs1_parser: Main__GC0, 
case__65: VGAController__GC0, 
case__25: Main__GC0, 
mux_2: Main__GC0, 
store: Main__GC0, 
logic__229: Main__GC0, 
image__parameterized0: VGAController__GC0, 
logic__322: Main__GC0, 
logic__301: Main__GC0, 
logic__260: Main__GC0, 
logic__248: Main__GC0, 
logic__283: Main__GC0, 
logic__444: Main__GC0, 
datapath: clock_divider, 
logic__124: Main__GC0, 
CPU: Main__GC0, 
logic__338: Main__GC0, 
logic__316: Main__GC0, 
my_regfile: Main__GC0, 
datapath__17: VGAController__GC0, 
reg__1: Main__GC0, 
case__69: VGAController__GC0, 
logic__171: Main__GC0, 
case__56: Main__GC0, 
case__21: Main__GC0, 
logic__448: Main__GC0, 
logic: clock_divider, 
logic__365: Main__GC0, 
logic__226: Main__GC0, 
logic__220: Main__GC0, 
datapath__2: clock_divider, 
logic__432: Main__GC0, 
logic__375: Main__GC0, 
mux_4: Main__GC0, 
reg__21: Main__GC0, 
logic__325: Main__GC0, 
case__6: Main__GC0, 
case__27: Main__GC0, 
logic__463: VGAController__GC0, 
case__7: Main__GC0, 
logic__345: Main__GC0, 
logic__130: Main__GC0, 
logic__266: Main__GC0, 
logic__264: Main__GC0, 
datapath__30: VGAController__GC0, 
jr: Main__GC0, 
logic__120: Main__GC0, 
reg__14: Main__GC0, 
datapath__18: VGAController__GC0, 
reg__4: Main__GC0, 
logic__165: Main__GC0, 
logic__354: Main__GC0, 
reg__5: Main__GC0, 
logic__221: Main__GC0, 
logic__452: Main__GC0, 
logic__488: VGAController__GC0, 
logic__129: Main__GC0, 
case__10: Main__GC0, 
logic__309: Main__GC0, 
frame_rdy_instructionbuilder: Main__GC0, 
extram: Main__GC0, 
reg__16: Main__GC0, 
case__64: VGAController__GC0, 
case__57: Main__GC0, 
logic__241: Main__GC0, 
logic__174: Main__GC0, 
datapath__27: VGAController__GC0, 
extram__4: VGAController__GC0, 
logic__455: Main__GC0, 
datapath__16: VGAController__GC0, 
reg__7: Main__GC0, 
logic__252: Main__GC0, 
muxpart__6: VGAController__GC0, 
datapath__4: Main__GC0, 
datapath__15: VGAController__GC0, 
case__19: Main__GC0, 
logic__110: Main__GC0, 
logic__256: Main__GC0, 
logic__125: Main__GC0, 
logic__105: Main__GC0, 
logic__425: Main__GC0, 
case__40: Main__GC0, 
logic__288: Main__GC0, 
logic__441: Main__GC0, 
load: Main__GC0, 
BirdDisplay: VGAController__GC0, 
datapath__8: Main__GC0, 
case__3: Main__GC0, 
reg__18: Main__GC0, 
case__43: Main__GC0, 
logic__369: Main__GC0, 
reg__19: Main__GC0, 
logic__111: Main__GC0, 
add: Main__GC0, 
logic__495: VGAController__GC0, 
datapath__9: Main__GC0, 
logic__308: Main__GC0, 
logic__240: Main__GC0, 
muxpart__5: VGAController__GC0, 
tri_state_mux: Main__GC0, 
logic__235: Main__GC0, 
case__55: Main__GC0, 
datapath__25: VGAController__GC0, 
logic__106: Main__GC0, 
case__63: Main__GC0, 
reg__10: Main__GC0, 
j: Main__GC0, 
muxpart: Main__GC0, 
rs2_parser: Main__GC0, 
logic__246: Main__GC0, 
case__12: Main__GC0, 
case__47: Main__GC0, 
logic__212: Main__GC0, 
logic__131: Main__GC0, 
case__16: Main__GC0, 
datapath__28: VGAController__GC0, 
logic__153: Main__GC0, 
logic__223: Main__GC0, 
logic__431: Main__GC0, 
extram__5: VGAController__GC0, 
clock_divider: clock_divider, 
logic__453: Main__GC0, 
logic__292: Main__GC0, 
logic__36: Main__GC0, 
logic__430: Main__GC0, 
logic__164: Main__GC0, 
extram__6: VGAController__GC0, 
dff_tri: Main__GC0, 
extram__1: VGAController__GC0, 
logic__493: VGAController__GC0, 
datapath__32: VGAController__GC0, 
case__39: Main__GC0, 
logic__265: Main__GC0, 
case__5: Main__GC0, 
case__24: Main__GC0, 
dsp48e1__1: VGAController__GC0, 
sub: Main__GC0, 
bex: Main__GC0, 
jal: Main__GC0, 
processor: Main__GC0, 
logic__435: Main__GC0, 
logic__249: Main__GC0, 
barrel_right_shifter: Main__GC0, 
logic__436: Main__GC0, 
logic__321: Main__GC0, 
logic__443: Main__GC0, 
logic__477: VGAController__GC0, 
logic__429: Main__GC0, 
setx: Main__GC0, 
sign_extender_27: Main__GC0, 
reg__13: Main__GC0, 
reg__8: Main__GC0, 
jump_key_input_instructionbuilder: Main__GC0, 
logic__116: Main__GC0, 
reg: clock_divider, 
carry_lookahead_8bit: Main__GC0, 
bne: Main__GC0, 
logic__450: Main__GC0, 
logic__2: Main__GC0, 
two_level_carry_lookahead: Main__GC0, 
VGAController__GC0: VGAController__GC0, 
barrel_left_shifter: Main__GC0, 
logic__473: VGAController__GC0, 
logic__451: Main__GC0, 
logic__268: Main__GC0, 
multiplier: Main__GC0, 
JumpController: Main__GC0, 
logic__209: Main__GC0, 
execute: Main__GC0, 
logic__119: Main__GC0, 
logic__426: Main__GC0, 
dffe_ref: Main__GC0, 
IMG_RAM: VGAController__GC0, 
logic__150: Main__GC0, 
case__45: Main__GC0, 
logic__483: VGAController__GC0, 
logic__405: Main__GC0, 
extram__2: VGAController__GC0, 
datapath__24: VGAController__GC0, 
logic__330: Main__GC0, 
muxpart__4: VGAController__GC0, 
datapath__31: VGAController__GC0, 
logic__139: Main__GC0, 
case__34: Main__GC0, 
logic__267: Main__GC0, 
RAM: Main__GC0, 
rd_parser: Main__GC0, 
multdiv_stage: Main__GC0, 
case__8: Main__GC0, 
extram__3: VGAController__GC0, 
logic__259: Main__GC0, 
case__20: Main__GC0, 
muxpart__3: Main__GC0, 
case__60: Main__GC0, 
reg__20: Main__GC0, 
logic__222: Main__GC0, 
logic__282: Main__GC0, 
case__29: Main__GC0, 
logic__449: Main__GC0, 
datapath__14: Main__GC0, 
logic__351: Main__GC0, 
case__15: Main__GC0, 
logic__289: Main__GC0, 
logic__168: Main__GC0, 
logic__290: Main__GC0, 
logic__498: VGAController__GC0, 
case__17: Main__GC0, 
logic__218: Main__GC0, 
