Copyright 1986-2020 Xilinx, Inc. All Rights Reserved.
------------------------------------------------------------------------------------
| Tool Version : Vivado v.2020.1 (win64) Build 2902540 Wed May 27 19:54:49 MDT 2020
| Date         : Mon Nov 29 00:08:05 2021
| Host         : LAPTOP-D1B7JSE5 running 64-bit major release  (build 9200)
| Command      : report_control_sets -verbose -file Main_control_sets_placed.rpt
| Design       : Main
| Device       : xc7a100t
------------------------------------------------------------------------------------

Control Set Information

Table of Contents
-----------------
1. Summary
2. Histogram
3. Flip-Flop Distribution
4. Detailed Control Set Information

1. Summary
----------

+----------------------------------------------------------+-------+
|                          Status                          | Count |
+----------------------------------------------------------+-------+
| Total control sets                                       |    48 |
|    Minimum number of control sets                        |    48 |
|    Addition due to synthesis replication                 |     0 |
|    Addition due to physical synthesis replication        |     0 |
| Unused register locations in slices containing registers |    50 |
+----------------------------------------------------------+-------+
* Control sets can be merged at opt_design using control_set_merge or merge_equivalent_drivers
** Run report_qor_suggestions for automated merging and remapping suggestions


2. Histogram
------------

+--------------------+-------+
|       Fanout       | Count |
+--------------------+-------+
| Total control sets |    48 |
| >= 0 to < 4        |     0 |
| >= 4 to < 6        |     0 |
| >= 6 to < 8        |     1 |
| >= 8 to < 10       |     0 |
| >= 10 to < 12      |     3 |
| >= 12 to < 14      |     0 |
| >= 14 to < 16      |     1 |
| >= 16              |    43 |
+--------------------+-------+
* Control sets can be remapped at either synth_design or opt_design


3. Flip-Flop Distribution
-------------------------

+--------------+-----------------------+------------------------+-----------------+--------------+
| Clock Enable | Synchronous Set/Reset | Asynchronous Set/Reset | Total Registers | Total Slices |
+--------------+-----------------------+------------------------+-----------------+--------------+
| No           | No                    | No                     |             421 |          176 |
| No           | No                    | Yes                    |               0 |            0 |
| No           | Yes                   | No                     |              65 |           17 |
| Yes          | No                    | No                     |            1316 |          484 |
| Yes          | No                    | Yes                    |               0 |            0 |
| Yes          | Yes                   | No                     |             100 |           32 |
+--------------+-----------------------+------------------------+-----------------+--------------+


4. Detailed Control Set Information
-----------------------------------

+-----------------------------------------------+------------------------------------------------------------------+---------------------------------------------------------------+------------------+----------------+--------------+
|                  Clock Signal                 |                           Enable Signal                          |                        Set/Reset Signal                       | Slice Load Count | Bel Load Count | Bels / Slice |
+-----------------------------------------------+------------------------------------------------------------------+---------------------------------------------------------------+------------------+----------------+--------------+
| ~processor_clk_BUFG                           | CPU/CPU/multdiv_stage/multdiv/mult/busy1_out                     | CPU/CPU/executer/d_x_instruction_reg/dff_tri4/dffe/SR[0]      |                2 |              6 |         3.00 |
|  vga_controller/processor_clock_divider/clk25 |                                                                  |                                                               |                3 |             10 |         3.33 |
|  vga_controller/processor_clock_divider/clk25 | vga_controller/Display/vPos                                      |                                                               |                3 |             10 |         3.33 |
|  clk_IBUF_BUFG                                |                                                                  |                                                               |                6 |             10 |         1.67 |
| ~processor_clk_BUFG                           | CPU/CPU/multdiv_stage/multdiv/div/done_reg_0                     |                                                               |                6 |             15 |         2.50 |
|  processor_clk_BUFG                           |                                                                  |                                                               |                6 |             22 |         3.67 |
| ~processor_clk_BUFG                           | CPU/CPU/executer/d_x_instruction_reg/dff_tri2/dffe/busy_reg      | CPU/CPU/memory_stage/x_m_operand_O_reg/dff_tri24/dffe/q_reg_0 |               13 |             31 |         2.38 |
| ~processor_clk_BUFG                           | CPU/CPU/executer/d_x_instruction_reg/dff_tri2/dffe/E[0]          | CPU/CPU/memory_stage/x_m_operand_O_reg/dff_tri24/dffe/SR[0]   |                5 |             31 |         6.20 |
|  processor_clk_BUFG                           | CPU/CPU/multdiv_stage/multdiv/mult/q_reg_43                      |                                                               |               12 |             32 |         2.67 |
|  processor_clk_BUFG                           | CPU/CPU/multdiv_stage/multdiv/mult/q_reg_33                      |                                                               |                7 |             32 |         4.57 |
|  processor_clk_BUFG                           | CPU/CPU/multdiv_stage/multdiv/mult/q_reg_34                      |                                                               |               14 |             32 |         2.29 |
|  processor_clk_BUFG                           | CPU/CPU/multdiv_stage/multdiv/mult/q_reg_35                      |                                                               |               15 |             32 |         2.13 |
|  processor_clk_BUFG                           | CPU/CPU/multdiv_stage/multdiv/mult/q_reg_42                      |                                                               |               15 |             32 |         2.13 |
|  processor_clk_BUFG                           | CPU/CPU/multdiv_stage/multdiv/mult/q_reg_39                      |                                                               |               26 |             32 |         1.23 |
|  processor_clk_BUFG                           | CPU/CPU/multdiv_stage/multdiv/mult/q_reg_29                      |                                                               |                6 |             32 |         5.33 |
|  processor_clk_BUFG                           | CPU/CPU/multdiv_stage/multdiv/mult/q_reg_32                      |                                                               |               14 |             32 |         2.29 |
|  processor_clk_BUFG                           | CPU/CPU/multdiv_stage/multdiv/mult/q_reg_38                      |                                                               |               10 |             32 |         3.20 |
|  processor_clk_BUFG                           | CPU/CPU/multdiv_stage/multdiv/mult/q_reg_40                      |                                                               |                8 |             32 |         4.00 |
|  processor_clk_BUFG                           | CPU/CPU/multdiv_stage/multdiv/mult/q_reg_36                      |                                                               |               11 |             32 |         2.91 |
|  processor_clk_BUFG                           | CPU/CPU/multdiv_stage/multdiv/mult/q_reg_30                      |                                                               |                7 |             32 |         4.57 |
|  processor_clk_BUFG                           | CPU/CPU/multdiv_stage/multdiv/mult/q_reg_31                      |                                                               |               16 |             32 |         2.00 |
|  processor_clk_BUFG                           | CPU/CPU/multdiv_stage/multdiv/mult/decoder_out[6]                |                                                               |               15 |             32 |         2.13 |
|  processor_clk_BUFG                           | CPU/CPU/multdiv_stage/multdiv/mult/decoder_out[1]                |                                                               |               10 |             32 |         3.20 |
|  processor_clk_BUFG                           | CPU/CPU/multdiv_stage/multdiv/mult/decoder_out[0]                |                                                               |               10 |             32 |         3.20 |
|  processor_clk_BUFG                           | CPU/CPU/multdiv_stage/multdiv/mult/decoder_out[13]               |                                                               |               13 |             32 |         2.46 |
|  processor_clk_BUFG                           | CPU/CPU/multdiv_stage/multdiv/mult/decoder_out[3]                |                                                               |                8 |             32 |         4.00 |
|  processor_clk_BUFG                           | CPU/CPU/multdiv_stage/multdiv/mult/decoder_out[4]                |                                                               |               11 |             32 |         2.91 |
|  processor_clk_BUFG                           | CPU/CPU/multdiv_stage/multdiv/mult/decoder_out[7]                |                                                               |               16 |             32 |         2.00 |
|  processor_clk_BUFG                           | CPU/CPU/multdiv_stage/multdiv/mult/decoder_out[12]               |                                                               |               20 |             32 |         1.60 |
|  processor_clk_BUFG                           | CPU/CPU/multdiv_stage/multdiv/mult/decoder_out[10]               |                                                               |               12 |             32 |         2.67 |
|  processor_clk_BUFG                           | CPU/CPU/multdiv_stage/multdiv/mult/decoder_out[11]               |                                                               |               14 |             32 |         2.29 |
|  processor_clk_BUFG                           | CPU/CPU/multdiv_stage/multdiv/mult/decoder_out[9]                |                                                               |               14 |             32 |         2.29 |
|  processor_clk_BUFG                           | CPU/CPU/multdiv_stage/multdiv/mult/decoder_out[5]                |                                                               |               14 |             32 |         2.29 |
|  processor_clk_BUFG                           | CPU/CPU/multdiv_stage/multdiv/mult/decoder_out[14]               |                                                               |               12 |             32 |         2.67 |
|  processor_clk_BUFG                           | CPU/CPU/multdiv_stage/multdiv/mult/decoder_out[2]                |                                                               |                8 |             32 |         4.00 |
| ~processor_clk_BUFG                           | CPU/CPU/executer/d_x_instruction_reg/dff_tri2/dffe/busy_reg      |                                                               |               13 |             32 |         2.46 |
|  processor_clk_BUFG                           | CPU/CPU/multdiv_stage/multdiv/mult/q_reg_37                      |                                                               |                7 |             32 |         4.57 |
| ~processor_clk_BUFG                           | CPU/CPU/executer/d_x_instruction_reg/dff_tri2/dffe/E[0]          |                                                               |                8 |             32 |         4.00 |
|  processor_clk_BUFG                           | CPU/CPU/multdiv_stage/multdiv/mult/q_reg_41                      |                                                               |                8 |             32 |         4.00 |
|  processor_clk_BUFG                           | CPU/CPU/multdiv_stage/multdiv/mult/decoder_out[8]                |                                                               |               14 |             32 |         2.29 |
| ~processor_clk_BUFG                           | CPU/CPU/executer/d_x_instruction_reg/dff_tri4/dffe/busy_reg      |                                                               |               17 |             32 |         1.88 |
| ~processor_clk_BUFG                           | CPU/CPU/executer/d_x_instruction_reg/dff_tri4/dffe/busy_reg      | CPU/CPU/executer/d_x_instruction_reg/dff_tri4/dffe/q_reg_3    |               12 |             32 |         2.67 |
|  processor_clk_BUFG                           | CPU/CPU/multdiv_stage/multdiv/mult/q_reg_28                      |                                                               |                9 |             32 |         3.56 |
| ~processor_clk_BUFG                           | CPU/CPU/executer/d_x_instruction_reg/dff_tri27/dffe/in_enable0   |                                                               |               19 |             58 |         3.05 |
| ~processor_clk_BUFG                           | CPU/CPU/executer/d_x_instruction_reg/dff_tri2/dffe/busy_reg_0[0] |                                                               |               16 |             64 |         4.00 |
|  clk_IBUF_BUFG                                |                                                                  | vga_controller/processor_clock_divider/clear                  |               17 |             65 |         3.82 |
| ~processor_clk_BUFG                           | CPU/CPU/executer/d_x_instruction_reg/dff_tri4/dffe/q_reg_3       |                                                               |               26 |             81 |         3.12 |
| ~processor_clk_BUFG                           |                                                                  |                                                               |              161 |            379 |         2.35 |
+-----------------------------------------------+------------------------------------------------------------------+---------------------------------------------------------------+------------------+----------------+--------------+


